// Jest Snapshot v1, https://goo.gl/fbAQLP

exports[`NewQuestion matches the snapshot test 1`] = `
Object {
  "asFragment": [Function],
  "baseElement": <body>
    <div>
      <div
        class="new-question-container"
      >
        <h1
          class="title"
        >
          New question 
        </h1>
        <h2
          class="new-question-would-you align-center"
        >
          Would you rather
        </h2>
        <input
          class="new-question-input"
          data-testid="option-one-input"
          placeholder="Option 1"
          value=""
        />
        <span>
          or
        </span>
        <input
          class="new-question-input"
          data-testid="option-two-input"
          placeholder="Option 2"
          value=""
        />
        <button
          class="new-question-submit-btn submit-btn"
        >
          Submit
        </button>
      </div>
    </div>
  </body>,
  "container": <div>
    <div
      class="new-question-container"
    >
      <h1
        class="title"
      >
        New question 
      </h1>
      <h2
        class="new-question-would-you align-center"
      >
        Would you rather
      </h2>
      <input
        class="new-question-input"
        data-testid="option-one-input"
        placeholder="Option 1"
        value=""
      />
      <span>
        or
      </span>
      <input
        class="new-question-input"
        data-testid="option-two-input"
        placeholder="Option 2"
        value=""
      />
      <button
        class="new-question-submit-btn submit-btn"
      >
        Submit
      </button>
    </div>
  </div>,
  "debug": [Function],
  "findAllByAltText": [Function],
  "findAllByDisplayValue": [Function],
  "findAllByLabelText": [Function],
  "findAllByPlaceholderText": [Function],
  "findAllByRole": [Function],
  "findAllByTestId": [Function],
  "findAllByText": [Function],
  "findAllByTitle": [Function],
  "findByAltText": [Function],
  "findByDisplayValue": [Function],
  "findByLabelText": [Function],
  "findByPlaceholderText": [Function],
  "findByRole": [Function],
  "findByTestId": [Function],
  "findByText": [Function],
  "findByTitle": [Function],
  "getAllByAltText": [Function],
  "getAllByDisplayValue": [Function],
  "getAllByLabelText": [Function],
  "getAllByPlaceholderText": [Function],
  "getAllByRole": [Function],
  "getAllByTestId": [Function],
  "getAllByText": [Function],
  "getAllByTitle": [Function],
  "getByAltText": [Function],
  "getByDisplayValue": [Function],
  "getByLabelText": [Function],
  "getByPlaceholderText": [Function],
  "getByRole": [Function],
  "getByTestId": [Function],
  "getByText": [Function],
  "getByTitle": [Function],
  "queryAllByAltText": [Function],
  "queryAllByDisplayValue": [Function],
  "queryAllByLabelText": [Function],
  "queryAllByPlaceholderText": [Function],
  "queryAllByRole": [Function],
  "queryAllByTestId": [Function],
  "queryAllByText": [Function],
  "queryAllByTitle": [Function],
  "queryByAltText": [Function],
  "queryByDisplayValue": [Function],
  "queryByLabelText": [Function],
  "queryByPlaceholderText": [Function],
  "queryByRole": [Function],
  "queryByTestId": [Function],
  "queryByText": [Function],
  "queryByTitle": [Function],
  "rerender": [Function],
  "unmount": [Function],
}
`;
